// Jest Snapshot v1, https://goo.gl/fbAQLP

exports[`renders correctly and equal to snapshot 1`] = `
<div
  className="fixed-action-btn"
>
  <a
    className="btn-floating btn-large blue darken-2 pulse modal-trigger"
    href="#call-modal"
  >
    <i
      className="large material-icons"
    >
      phone_in_talk
    </i>
  </a>
</div>
`;
