// Jest Snapshot v1, https://goo.gl/fbAQLP

exports[`renders correctly and equal to snapshot 1`] = `
<div
  className="row"
>
  <div
    className="container"
  >
    <div
      className="notfound-wrapper"
    >
      <h5
        className="notfound-title center blue-text center"
      >
        404
      </h5>
      <p
        className="notfound-tag-1 center center"
      >
        Страница не найдена!!!
      </p>
      <br />
      <div
        className="center"
      >
        <a
          className="waves-effect waves-light btn blue"
          href="/"
        >
          <i
            className="material-icons left"
          >
            reply
          </i>
          Назад в Главную
        </a>
      </div>
    </div>
  </div>
</div>
`;
