// Jest Snapshot v1, https://goo.gl/fbAQLP

exports[`Header Component renders correctly and equal to snapshot 1`] = `
<nav
  className="blue darken-4"
  role="navigation"
>
  <div
    className="nav-wrapper container"
  >
    <a
      className="brand-logo"
      href="/"
      id="logo-container"
    >
      АВТОДОР
    </a>
    <ul
      className="right hide-on-med-and-down"
    >
      <li>
        <a
          className="yellow-text nav-link"
          href="/"
        >
          О компании
        </a>
      </li>
      <li>
        <a
          className="yellow-text nav-link"
          href="/brands"
        >
          Аккумуляторы
        </a>
      </li>
      <li>
        <a
          className="yellow-text nav-link"
          href="/tires"
        >
          Шины
        </a>
      </li>
      <li>
        <a
          className="yellow-text nav-link"
          href="/disks"
        >
          Диски
        </a>
      </li>
      <li>
        <a
          className="yellow-text nav-link"
          href="/accessories"
        >
          Автоаксессуары
        </a>
      </li>
    </ul>
    <ul
      className="sidenav blue darken-4"
      id="nav-mobile"
    >
      <li>
        <a
          className="yellow-text nav-link"
          href="/"
        >
          О компании
        </a>
      </li>
      <li>
        <a
          className="yellow-text nav-link"
          href="/brands"
        >
          Аккумуляторы
        </a>
      </li>
      <li>
        <a
          className="yellow-text nav-link"
          href="/tires"
        >
          Шины
        </a>
      </li>
      <li>
        <a
          className="yellow-text nav-link"
          href="/disks"
        >
          Диски
        </a>
      </li>
      <li>
        <a
          className="yellow-text nav-link"
          href="/accessories"
        >
          Автоаксессуары
        </a>
      </li>
    </ul>
    <a
      className="sidenav-trigger pulse"
      data-target="nav-mobile"
      href="#!"
    >
      <i
        className="material-icons white-text"
      >
        menu
      </i>
    </a>
  </div>
</nav>
`;
